<html>
<body>
<pre>
<h1>µVision Build Log</h1>
<h2>Tool Versions:</h2>
IDE-Version: µVision V5.13.0.0
Copyright (C) 2014 ARM Ltd and ARM Germany GmbH. All rights reserved.
License Information: tinh tinh, tinh, LIC=FQQBS-LKZVS-YBLE9-4TBKR-H3ETE-8YMHS
 
Tool Versions:
Toolchain:       MDK-ARM Professional  Version: 5.13.0.0
Toolchain Path:  C:\Keil_v5\ARM\ARMCC\Bin
C Compiler:      Armcc.exe V5.05 update 1 (build 106)
Assembler:       Armasm.exe V5.05 update 1 (build 106)
Linker/Locator:  ArmLink.exe V5.05 update 1 (build 106)
Library Manager: ArmAr.exe V5.05 update 1 (build 106)
Hex Converter:   FromElf.exe V5.05 update 1 (build 106)
CPU DLL:         SARMCM3.DLL V5.13.0.0
Dialog DLL:      DCM.DLL V1.13.1.0
Target DLL:      STLink\ST-LINKIII-KEIL_SWO.dll V2.0.14.0_KEIL
Dialog DLL:      TCM.DLL V1.14.4.0
 
<h2>Project:</h2>
D:\HOC TAP\Project_STM32\Write_To_Flash\MDK-ARM\Write_To_Flash.uvprojx
Project File Date:  07/01/2018

<h2>Output:</h2>
Build target 'Write_To_Flash'
compiling main.c...
../Src/main.c(171): warning:  #167-D: argument of type "char *" is incompatible with parameter of type "uint8_t *"
                                                                                HAL_UART_Transmit(&huart2,Buffer_On,32,1000);
../Src/main.c(175): warning:  #167-D: argument of type "char *" is incompatible with parameter of type "uint8_t *"
                                                                                HAL_UART_Transmit(&huart2,Buffer_Off,32,1000);
../Src/main.c: 2 warnings, 0 errors
linking...
Write_To_Flash\Write_To_Flash.axf: Warning: L6988W: Ignoring unknown patch sdcomp-29491-629360.
Program Size: Code=11900 RO-data=496 RW-data=52 ZI-data=1756  
Finished: 0 information, 1 warning and 0 error messages.
FromELF: creating hex file...
"Write_To_Flash\Write_To_Flash.axf" - 0 Error(s), 3 Warning(s).

<h2>Software Packages used:</h2>

Package Vendor: ARM
                http://www.keil.com/pack/ARM.CMSIS.4.2.0.pack
                ARM::CMSIS:CORE:3.40.0
                CMSIS (Cortex Microcontroller Software Interface Standard)
   * Component: CORE Version: 3.40.0

<h2>Collection of Component include folders:</h2>
  D:\HOC TAP\Project_STM32\Write_To_Flash\MDK-ARM\RTE
  C:\Keil_v5\ARM\PACK\ARM\CMSIS\4.2.0\CMSIS\Include
  C:\Keil_v5\ARM\PACK\Keil\STM32L4xx_DFP\2.0.0

<h2>Collection of Component Files used:</h2>

   * Component: ARM::CMSIS:CORE:3.40.0
      Source file:   CMSIS\UserCodeTemplates\ARM\ITM_Retarget.c
</pre>
</body>
</html>
